// Jest Snapshot v1, https://goo.gl/fbAQLP

exports[`Footer renders correctly 1`] = `
<div>
  <div
    class="css-16egoxs"
  >
    <a
      class="chakra-button css-e9uyv7"
      href="https://github.com/jbadavis/react-testing-demo"
      target="_blank"
    >
      View on GitHub
    </a>
    <p
      class="chakra-heading css-0"
    >
      👻
    </p>
  </div>
</div>
`;
