// Jest Snapshot v1, https://goo.gl/fbAQLP

exports[`ModuleList renders correctly 1`] = `
<div>
  <ol
    class="css-3p5u52"
    role="list"
  >
    <li
      class="css-0"
    >
      <a
        href="/foo"
      >
        <span
          class="chakra-link css-1157erc"
        >
          Foo
        </span>
        .
      </a>
    </li>
    <li
      class="css-0"
    >
      <a
        href="/bar"
      >
        <span
          class="chakra-link css-1157erc"
        >
          Bar
        </span>
        .
      </a>
    </li>
  </ol>
</div>
`;
